Archive member included because of file (symbol)

d:/programes/eclipse/eclipse_avr/winavr/bin/../lib/gcc/avr/4.3.3/avr5\libgcc.a(_udivmodhi4.o)
                              ./FREERTOS/queue.o (__udivmodhi4)
d:/programes/eclipse/eclipse_avr/winavr/bin/../lib/gcc/avr/4.3.3/avr5\libgcc.a(_divmodsi4.o)
                              ./LCD/LCD_program.o (__divmodsi4)
d:/programes/eclipse/eclipse_avr/winavr/bin/../lib/gcc/avr/4.3.3/avr5\libgcc.a(_exit.o)
                              d:/programes/eclipse/eclipse_avr/winavr/bin/../lib/gcc/avr/4.3.3/../../../../avr/lib/avr5/crtm32.o (exit)
d:/programes/eclipse/eclipse_avr/winavr/bin/../lib/gcc/avr/4.3.3/avr5\libgcc.a(_copy_data.o)
                              ./FREERTOS/tasks.o (__do_copy_data)
d:/programes/eclipse/eclipse_avr/winavr/bin/../lib/gcc/avr/4.3.3/avr5\libgcc.a(_clear_bss.o)
                              ./FREERTOS/croutine.o (__do_clear_bss)
d:/programes/eclipse/eclipse_avr/winavr/bin/../lib/gcc/avr/4.3.3/avr5\libgcc.a(_fixunssfsi.o)
                              ./LCD/LCD_program.o (__fixunssfsi)
d:/programes/eclipse/eclipse_avr/winavr/bin/../lib/gcc/avr/4.3.3/avr5\libgcc.a(_addsub_sf.o)
                              d:/programes/eclipse/eclipse_avr/winavr/bin/../lib/gcc/avr/4.3.3/avr5\libgcc.a(_fixunssfsi.o) (__subsf3)
d:/programes/eclipse/eclipse_avr/winavr/bin/../lib/gcc/avr/4.3.3/avr5\libgcc.a(_mul_sf.o)
                              ./LCD/LCD_program.o (__mulsf3)
d:/programes/eclipse/eclipse_avr/winavr/bin/../lib/gcc/avr/4.3.3/avr5\libgcc.a(_gt_sf.o)
                              ./LCD/LCD_program.o (__gtsf2)
d:/programes/eclipse/eclipse_avr/winavr/bin/../lib/gcc/avr/4.3.3/avr5\libgcc.a(_ge_sf.o)
                              d:/programes/eclipse/eclipse_avr/winavr/bin/../lib/gcc/avr/4.3.3/avr5\libgcc.a(_fixunssfsi.o) (__gesf2)
d:/programes/eclipse/eclipse_avr/winavr/bin/../lib/gcc/avr/4.3.3/avr5\libgcc.a(_lt_sf.o)
                              ./LCD/LCD_program.o (__ltsf2)
d:/programes/eclipse/eclipse_avr/winavr/bin/../lib/gcc/avr/4.3.3/avr5\libgcc.a(_sf_to_si.o)
                              d:/programes/eclipse/eclipse_avr/winavr/bin/../lib/gcc/avr/4.3.3/avr5\libgcc.a(_fixunssfsi.o) (__fixsfsi)
d:/programes/eclipse/eclipse_avr/winavr/bin/../lib/gcc/avr/4.3.3/avr5\libgcc.a(_thenan_sf.o)
                              d:/programes/eclipse/eclipse_avr/winavr/bin/../lib/gcc/avr/4.3.3/avr5\libgcc.a(_addsub_sf.o) (__thenan_sf)
d:/programes/eclipse/eclipse_avr/winavr/bin/../lib/gcc/avr/4.3.3/avr5\libgcc.a(_udivmodsi4.o)
                              d:/programes/eclipse/eclipse_avr/winavr/bin/../lib/gcc/avr/4.3.3/avr5\libgcc.a(_divmodsi4.o) (__udivmodsi4)
d:/programes/eclipse/eclipse_avr/winavr/bin/../lib/gcc/avr/4.3.3/avr5\libgcc.a(_prologue.o)
                              d:/programes/eclipse/eclipse_avr/winavr/bin/../lib/gcc/avr/4.3.3/avr5\libgcc.a(_addsub_sf.o) (__prologue_saves__)
d:/programes/eclipse/eclipse_avr/winavr/bin/../lib/gcc/avr/4.3.3/avr5\libgcc.a(_epilogue.o)
                              d:/programes/eclipse/eclipse_avr/winavr/bin/../lib/gcc/avr/4.3.3/avr5\libgcc.a(_addsub_sf.o) (__epilogue_restores__)
d:/programes/eclipse/eclipse_avr/winavr/bin/../lib/gcc/avr/4.3.3/avr5\libgcc.a(_pack_sf.o)
                              d:/programes/eclipse/eclipse_avr/winavr/bin/../lib/gcc/avr/4.3.3/avr5\libgcc.a(_addsub_sf.o) (__pack_f)
d:/programes/eclipse/eclipse_avr/winavr/bin/../lib/gcc/avr/4.3.3/avr5\libgcc.a(_unpack_sf.o)
                              d:/programes/eclipse/eclipse_avr/winavr/bin/../lib/gcc/avr/4.3.3/avr5\libgcc.a(_addsub_sf.o) (__unpack_f)
d:/programes/eclipse/eclipse_avr/winavr/bin/../lib/gcc/avr/4.3.3/avr5\libgcc.a(_fpcmp_parts_sf.o)
                              d:/programes/eclipse/eclipse_avr/winavr/bin/../lib/gcc/avr/4.3.3/avr5\libgcc.a(_gt_sf.o) (__fpcmp_parts_f)
d:/programes/eclipse/eclipse_avr/winavr/bin/../lib/gcc/avr/4.3.3/../../../../avr/lib/avr5\libc.a(memcpy.o)
                              ./FREERTOS/queue.o (memcpy)
d:/programes/eclipse/eclipse_avr/winavr/bin/../lib/gcc/avr/4.3.3/../../../../avr/lib/avr5\libc.a(memset.o)
                              ./FREERTOS/tasks.o (memset)

Memory Configuration

Name             Origin             Length             Attributes
text             0x00000000         0x00020000         xr
data             0x00800060         0x0000ffa0         rw !x
eeprom           0x00810000         0x00010000         rw !x
fuse             0x00820000         0x00000400         rw !x
lock             0x00830000         0x00000400         rw !x
signature        0x00840000         0x00000400         rw !x
*default*        0x00000000         0xffffffff

Linker script and memory map

LOAD d:/programes/eclipse/eclipse_avr/winavr/bin/../lib/gcc/avr/4.3.3/../../../../avr/lib/avr5/crtm32.o
LOAD ./LCD/LCD_program.o
LOAD ./FREERTOS/croutine.o
LOAD ./FREERTOS/list.o
LOAD ./FREERTOS/port.o
LOAD ./FREERTOS/queue.o
LOAD ./FREERTOS/tasks.o
LOAD ./FREERTOS/timers.o
LOAD ./DIO/DIO_program.o
LOAD ./main.o
LOAD d:/programes/eclipse/eclipse_avr/winavr/bin/../lib/gcc/avr/4.3.3/avr5\libgcc.a
LOAD d:/programes/eclipse/eclipse_avr/winavr/bin/../lib/gcc/avr/4.3.3/../../../../avr/lib/avr5\libc.a
LOAD d:/programes/eclipse/eclipse_avr/winavr/bin/../lib/gcc/avr/4.3.3/avr5\libgcc.a

.hash
 *(.hash)

.dynsym
 *(.dynsym)

.dynstr
 *(.dynstr)

.gnu.version
 *(.gnu.version)

.gnu.version_d
 *(.gnu.version_d)

.gnu.version_r
 *(.gnu.version_r)

.rel.init
 *(.rel.init)

.rela.init
 *(.rela.init)

.rel.text
 *(.rel.text)
 *(.rel.text.*)
 *(.rel.gnu.linkonce.t*)

.rela.text
 *(.rela.text)
 *(.rela.text.*)
 *(.rela.gnu.linkonce.t*)

.rel.fini
 *(.rel.fini)

.rela.fini
 *(.rela.fini)

.rel.rodata
 *(.rel.rodata)
 *(.rel.rodata.*)
 *(.rel.gnu.linkonce.r*)

.rela.rodata
 *(.rela.rodata)
 *(.rela.rodata.*)
 *(.rela.gnu.linkonce.r*)

.rel.data
 *(.rel.data)
 *(.rel.data.*)
 *(.rel.gnu.linkonce.d*)

.rela.data
 *(.rela.data)
 *(.rela.data.*)
 *(.rela.gnu.linkonce.d*)

.rel.ctors
 *(.rel.ctors)

.rela.ctors
 *(.rela.ctors)

.rel.dtors
 *(.rel.dtors)

.rela.dtors
 *(.rela.dtors)

.rel.got
 *(.rel.got)

.rela.got
 *(.rela.got)

.rel.bss
 *(.rel.bss)

.rela.bss
 *(.rela.bss)

.rel.plt
 *(.rel.plt)

.rela.plt
 *(.rela.plt)

.text           0x00000000     0x6886
 *(.vectors)
 .vectors       0x00000000       0x54 d:/programes/eclipse/eclipse_avr/winavr/bin/../lib/gcc/avr/4.3.3/../../../../avr/lib/avr5/crtm32.o
                0x00000000                __vectors
                0x00000000                __vector_default
 *(.vectors)
 *(.progmem.gcc*)
 *(.progmem*)
                0x00000054                . = ALIGN (0x2)
                0x00000054                __trampolines_start = .
 *(.trampolines)
 .trampolines   0x00000054        0x0 linker stubs
 *(.trampolines*)
                0x00000054                __trampolines_end = .
 *(.jumptables)
 *(.jumptables*)
 *(.lowtext)
 *(.lowtext*)
                0x00000054                __ctors_start = .
 *(.ctors)
                0x00000054                __ctors_end = .
                0x00000054                __dtors_start = .
 *(.dtors)
                0x00000054                __dtors_end = .
 SORT(*)(.ctors)
 SORT(*)(.dtors)
 *(.init0)
 .init0         0x00000054        0x0 d:/programes/eclipse/eclipse_avr/winavr/bin/../lib/gcc/avr/4.3.3/../../../../avr/lib/avr5/crtm32.o
                0x00000054                __init
 *(.init0)
 *(.init1)
 *(.init1)
 *(.init2)
 .init2         0x00000054        0xc d:/programes/eclipse/eclipse_avr/winavr/bin/../lib/gcc/avr/4.3.3/../../../../avr/lib/avr5/crtm32.o
 *(.init2)
 *(.init3)
 *(.init3)
 *(.init4)
 .init4         0x00000060       0x16 d:/programes/eclipse/eclipse_avr/winavr/bin/../lib/gcc/avr/4.3.3/avr5\libgcc.a(_copy_data.o)
                0x00000060                __do_copy_data
 .init4         0x00000076       0x10 d:/programes/eclipse/eclipse_avr/winavr/bin/../lib/gcc/avr/4.3.3/avr5\libgcc.a(_clear_bss.o)
                0x00000076                __do_clear_bss
 *(.init4)
 *(.init5)
 *(.init5)
 *(.init6)
 *(.init6)
 *(.init7)
 *(.init7)
 *(.init8)
 *(.init8)
 *(.init9)
 .init9         0x00000086        0x8 d:/programes/eclipse/eclipse_avr/winavr/bin/../lib/gcc/avr/4.3.3/../../../../avr/lib/avr5/crtm32.o
 *(.init9)
 *(.text)
 .text          0x0000008e        0x4 d:/programes/eclipse/eclipse_avr/winavr/bin/../lib/gcc/avr/4.3.3/../../../../avr/lib/avr5/crtm32.o
                0x0000008e                __vector_1
                0x0000008e                __vector_12
                0x0000008e                __bad_interrupt
                0x0000008e                __vector_6
                0x0000008e                __vector_3
                0x0000008e                __vector_11
                0x0000008e                __vector_13
                0x0000008e                __vector_17
                0x0000008e                __vector_19
                0x0000008e                __vector_5
                0x0000008e                __vector_4
                0x0000008e                __vector_9
                0x0000008e                __vector_2
                0x0000008e                __vector_15
                0x0000008e                __vector_8
                0x0000008e                __vector_14
                0x0000008e                __vector_10
                0x0000008e                __vector_16
                0x0000008e                __vector_18
                0x0000008e                __vector_20
 .text          0x00000092        0x0 ./LCD/LCD_program.o
 .text          0x00000092        0x0 ./FREERTOS/croutine.o
 .text          0x00000092        0x0 ./FREERTOS/list.o
 .text          0x00000092        0x0 ./FREERTOS/port.o
 .text          0x00000092        0x0 ./FREERTOS/queue.o
 .text          0x00000092        0x0 ./FREERTOS/tasks.o
 .text          0x00000092        0x0 ./FREERTOS/timers.o
 .text          0x00000092        0x0 ./DIO/DIO_program.o
 .text          0x00000092        0x0 ./main.o
 .text          0x00000092        0x0 d:/programes/eclipse/eclipse_avr/winavr/bin/../lib/gcc/avr/4.3.3/avr5\libgcc.a(_udivmodhi4.o)
 .text          0x00000092        0x0 d:/programes/eclipse/eclipse_avr/winavr/bin/../lib/gcc/avr/4.3.3/avr5\libgcc.a(_divmodsi4.o)
 .text          0x00000092        0x0 d:/programes/eclipse/eclipse_avr/winavr/bin/../lib/gcc/avr/4.3.3/avr5\libgcc.a(_exit.o)
 .text          0x00000092        0x0 d:/programes/eclipse/eclipse_avr/winavr/bin/../lib/gcc/avr/4.3.3/avr5\libgcc.a(_copy_data.o)
 .text          0x00000092        0x0 d:/programes/eclipse/eclipse_avr/winavr/bin/../lib/gcc/avr/4.3.3/avr5\libgcc.a(_clear_bss.o)
 .text          0x00000092       0x58 d:/programes/eclipse/eclipse_avr/winavr/bin/../lib/gcc/avr/4.3.3/avr5\libgcc.a(_fixunssfsi.o)
                0x00000092                __fixunssfsi
 .text          0x000000ea      0x354 d:/programes/eclipse/eclipse_avr/winavr/bin/../lib/gcc/avr/4.3.3/avr5\libgcc.a(_addsub_sf.o)
                0x00000382                __subsf3
                0x000003e4                __addsf3
 .text          0x0000043e      0x1f4 d:/programes/eclipse/eclipse_avr/winavr/bin/../lib/gcc/avr/4.3.3/avr5\libgcc.a(_mul_sf.o)
                0x0000043e                __mulsf3
 .text          0x00000632       0x60 d:/programes/eclipse/eclipse_avr/winavr/bin/../lib/gcc/avr/4.3.3/avr5\libgcc.a(_gt_sf.o)
                0x00000632                __gtsf2
 .text          0x00000692       0x60 d:/programes/eclipse/eclipse_avr/winavr/bin/../lib/gcc/avr/4.3.3/avr5\libgcc.a(_ge_sf.o)
                0x00000692                __gesf2
 .text          0x000006f2       0x60 d:/programes/eclipse/eclipse_avr/winavr/bin/../lib/gcc/avr/4.3.3/avr5\libgcc.a(_lt_sf.o)
                0x000006f2                __ltsf2
 .text          0x00000752       0xa8 d:/programes/eclipse/eclipse_avr/winavr/bin/../lib/gcc/avr/4.3.3/avr5\libgcc.a(_sf_to_si.o)
                0x00000752                __fixsfsi
 .text          0x000007fa        0x0 d:/programes/eclipse/eclipse_avr/winavr/bin/../lib/gcc/avr/4.3.3/avr5\libgcc.a(_thenan_sf.o)
 .text          0x000007fa        0x0 d:/programes/eclipse/eclipse_avr/winavr/bin/../lib/gcc/avr/4.3.3/avr5\libgcc.a(_udivmodsi4.o)
 .text          0x000007fa        0x0 d:/programes/eclipse/eclipse_avr/winavr/bin/../lib/gcc/avr/4.3.3/avr5\libgcc.a(_prologue.o)
 .text          0x000007fa        0x0 d:/programes/eclipse/eclipse_avr/winavr/bin/../lib/gcc/avr/4.3.3/avr5\libgcc.a(_epilogue.o)
 .text          0x000007fa      0x1aa d:/programes/eclipse/eclipse_avr/winavr/bin/../lib/gcc/avr/4.3.3/avr5\libgcc.a(_pack_sf.o)
                0x000007fa                __pack_f
 .text          0x000009a4       0xf0 d:/programes/eclipse/eclipse_avr/winavr/bin/../lib/gcc/avr/4.3.3/avr5\libgcc.a(_unpack_sf.o)
                0x000009a4                __unpack_f
 .text          0x00000a94       0xb2 d:/programes/eclipse/eclipse_avr/winavr/bin/../lib/gcc/avr/4.3.3/avr5\libgcc.a(_fpcmp_parts_sf.o)
                0x00000a94                __fpcmp_parts_f
 .text          0x00000b46        0x0 d:/programes/eclipse/eclipse_avr/winavr/bin/../lib/gcc/avr/4.3.3/../../../../avr/lib/avr5\libc.a(memcpy.o)
 .text          0x00000b46        0x0 d:/programes/eclipse/eclipse_avr/winavr/bin/../lib/gcc/avr/4.3.3/../../../../avr/lib/avr5\libc.a(memset.o)
                0x00000b46                . = ALIGN (0x2)
 *(.text.*)
 .text.LCD_voidSendCommond
                0x00000b46      0x230 ./LCD/LCD_program.o
                0x00000b46                LCD_voidSendCommond
 .text.LCD_voidSendChar
                0x00000d76      0x230 ./LCD/LCD_program.o
                0x00000d76                LCD_voidSendChar
 .text.LCD_voidInit
                0x00000fa6      0x3de ./LCD/LCD_program.o
                0x00000fa6                LCD_voidInit
 .text.LCD_voidPrintString
                0x00001384       0x56 ./LCD/LCD_program.o
                0x00001384                LCD_voidPrintString
 .text.LCD_voidSetCursorPostion
                0x000013da       0x50 ./LCD/LCD_program.o
                0x000013da                LCD_voidSetCursorPostion
 .text.LCD_voidPrintNumber
                0x0000142a      0x2b0 ./LCD/LCD_program.o
                0x0000142a                LCD_voidPrintNumber
 .text.LCD_voidSaveCustomCharater
                0x000016da       0x76 ./LCD/LCD_program.o
                0x000016da                LCD_voidSaveCustomCharater
 .text.LCD_voidClear
                0x00001750      0x110 ./LCD/LCD_program.o
                0x00001750                LCD_voidClear
 .text.xCoRoutineCreate
                0x00001860      0x128 ./FREERTOS/croutine.o
                0x00001860                xCoRoutineCreate
 .text.vCoRoutineAddToDelayedList
                0x00001988       0xc2 ./FREERTOS/croutine.o
                0x00001988                vCoRoutineAddToDelayedList
 .text.prvCheckPendingReadyList
                0x00001a4a       0x94 ./FREERTOS/croutine.o
 .text.prvCheckDelayedList
                0x00001ade      0x15c ./FREERTOS/croutine.o
 .text.vCoRoutineSchedule
                0x00001c3a      0x102 ./FREERTOS/croutine.o
                0x00001c3a                vCoRoutineSchedule
 .text.prvInitialiseCoRoutineLists
                0x00001d3c       0x72 ./FREERTOS/croutine.o
 .text.xCoRoutineRemoveFromEventList
                0x00001dae       0x70 ./FREERTOS/croutine.o
                0x00001dae                xCoRoutineRemoveFromEventList
 .text.vListInitialise
                0x00001e1e       0x54 ./FREERTOS/list.o
                0x00001e1e                vListInitialise
 .text.vListInitialiseItem
                0x00001e72       0x20 ./FREERTOS/list.o
                0x00001e72                vListInitialiseItem
 .text.vListInsertEnd
                0x00001e92       0x88 ./FREERTOS/list.o
                0x00001e92                vListInsertEnd
 .text.vListInsert
                0x00001f1a       0xd8 ./FREERTOS/list.o
                0x00001f1a                vListInsert
 .text.uxListRemove
                0x00001ff2       0x98 ./FREERTOS/list.o
                0x00001ff2                uxListRemove
 .text.pxPortInitialiseStack
                0x0000208a      0x306 ./FREERTOS/port.o
                0x0000208a                pxPortInitialiseStack
 .text.xPortStartScheduler
                0x00002390       0x6a ./FREERTOS/port.o
                0x00002390                xPortStartScheduler
 .text.vPortEndScheduler
                0x000023fa        0xe ./FREERTOS/port.o
                0x000023fa                vPortEndScheduler
 .text.vPortYield
                0x00002408       0xb2 ./FREERTOS/port.o
                0x00002408                vPortYield
 .text.vPortYieldFromTick
                0x000024ba       0xba ./FREERTOS/port.o
                0x000024ba                vPortYieldFromTick
 .text.prvSetupTimerInterrupt
                0x00002574       0xb8 ./FREERTOS/port.o
 .text.__vector_7
                0x0000262c        0x6 ./FREERTOS/port.o
                0x0000262c                __vector_7
 .text.xQueueGenericReset
                0x00002632      0x156 ./FREERTOS/queue.o
                0x00002632                xQueueGenericReset
 .text.xQueueGenericCreate
                0x00002788       0xe8 ./FREERTOS/queue.o
                0x00002788                xQueueGenericCreate
 .text.prvInitialiseNewQueue
                0x00002870       0x76 ./FREERTOS/queue.o
 .text.xQueueGenericSend
                0x000028e6      0x158 ./FREERTOS/queue.o
                0x000028e6                xQueueGenericSend
 .text.xQueueGenericSendFromISR
                0x00002a3e       0xb8 ./FREERTOS/queue.o
                0x00002a3e                xQueueGenericSendFromISR
 .text.xQueueGiveFromISR
                0x00002af6       0xa2 ./FREERTOS/queue.o
                0x00002af6                xQueueGiveFromISR
 .text.xQueueReceive
                0x00002b98      0x156 ./FREERTOS/queue.o
                0x00002b98                xQueueReceive
 .text.xQueueSemaphoreTake
                0x00002cee      0x144 ./FREERTOS/queue.o
                0x00002cee                xQueueSemaphoreTake
 .text.xQueuePeek
                0x00002e32      0x164 ./FREERTOS/queue.o
                0x00002e32                xQueuePeek
 .text.xQueueReceiveFromISR
                0x00002f96       0xae ./FREERTOS/queue.o
                0x00002f96                xQueueReceiveFromISR
 .text.xQueuePeekFromISR
                0x00003044       0x72 ./FREERTOS/queue.o
                0x00003044                xQueuePeekFromISR
 .text.uxQueueMessagesWaiting
                0x000030b6       0x30 ./FREERTOS/queue.o
                0x000030b6                uxQueueMessagesWaiting
 .text.uxQueueSpacesAvailable
                0x000030e6       0x4a ./FREERTOS/queue.o
                0x000030e6                uxQueueSpacesAvailable
 .text.uxQueueMessagesWaitingFromISR
                0x00003130       0x34 ./FREERTOS/queue.o
                0x00003130                uxQueueMessagesWaitingFromISR
 .text.vQueueDelete
                0x00003164       0x2e ./FREERTOS/queue.o
                0x00003164                vQueueDelete
 .text.prvCopyDataToQueue
                0x00003192      0x14c ./FREERTOS/queue.o
 .text.prvCopyDataFromQueue
                0x000032de       0x8e ./FREERTOS/queue.o
 .text.prvUnlockQueue
                0x0000336c       0xa6 ./FREERTOS/queue.o
 .text.prvIsQueueEmpty
                0x00003412       0x3a ./FREERTOS/queue.o
 .text.xQueueIsQueueEmptyFromISR
                0x0000344c       0x3e ./FREERTOS/queue.o
                0x0000344c                xQueueIsQueueEmptyFromISR
 .text.prvIsQueueFull
                0x0000348a       0x40 ./FREERTOS/queue.o
 .text.xQueueIsQueueFullFromISR
                0x000034ca       0x44 ./FREERTOS/queue.o
                0x000034ca                xQueueIsQueueFullFromISR
 .text.xQueueCRSend
                0x0000350e       0xc2 ./FREERTOS/queue.o
                0x0000350e                xQueueCRSend
 .text.xQueueCRReceive
                0x000035d0      0x11c ./FREERTOS/queue.o
                0x000035d0                xQueueCRReceive
 .text.xQueueCRSendFromISR
                0x000036ec       0x82 ./FREERTOS/queue.o
                0x000036ec                xQueueCRSendFromISR
 .text.xQueueCRReceiveFromISR
                0x0000376e       0xea ./FREERTOS/queue.o
                0x0000376e                xQueueCRReceiveFromISR
 .text.xTaskCreate
                0x00003858       0xf0 ./FREERTOS/tasks.o
                0x00003858                xTaskCreate
 .text.prvInitialiseNewTask
                0x00003948      0x18a ./FREERTOS/tasks.o
 .text.prvAddNewTaskToReadyList
                0x00003ad2      0x17a ./FREERTOS/tasks.o
 .text.vTaskDelete
                0x00003c4c       0xf6 ./FREERTOS/tasks.o
                0x00003c4c                vTaskDelete
 .text.xTaskDelayUntil
                0x00003d42       0xe6 ./FREERTOS/tasks.o
                0x00003d42                xTaskDelayUntil
 .text.vTaskDelay
                0x00003e28       0x44 ./FREERTOS/tasks.o
                0x00003e28                vTaskDelay
 .text.vTaskStartScheduler
                0x00003e6c       0x6a ./FREERTOS/tasks.o
                0x00003e6c                vTaskStartScheduler
 .text.vTaskEndScheduler
                0x00003ed6       0x18 ./FREERTOS/tasks.o
                0x00003ed6                vTaskEndScheduler
 .text.vTaskSuspendAll
                0x00003eee       0x18 ./FREERTOS/tasks.o
                0x00003eee                vTaskSuspendAll
 .text.xTaskResumeAll
                0x00003f06      0x2a0 ./FREERTOS/tasks.o
                0x00003f06                xTaskResumeAll
 .text.xTaskGetTickCount
                0x000041a6       0x2e ./FREERTOS/tasks.o
                0x000041a6                xTaskGetTickCount
 .text.xTaskGetTickCountFromISR
                0x000041d4       0x2a ./FREERTOS/tasks.o
                0x000041d4                xTaskGetTickCountFromISR
 .text.uxTaskGetNumberOfTasks
                0x000041fe       0x12 ./FREERTOS/tasks.o
                0x000041fe                uxTaskGetNumberOfTasks
 .text.pcTaskGetName
                0x00004210       0x50 ./FREERTOS/tasks.o
                0x00004210                pcTaskGetName
 .text.xTaskCatchUpTicks
                0x00004260       0x40 ./FREERTOS/tasks.o
                0x00004260                xTaskCatchUpTicks
 .text.xTaskIncrementTick
                0x000042a0      0x32e ./FREERTOS/tasks.o
                0x000042a0                xTaskIncrementTick
 .text.vTaskSwitchContext
                0x000045ce       0xda ./FREERTOS/tasks.o
                0x000045ce                vTaskSwitchContext
 .text.vTaskPlaceOnEventList
                0x000046a8       0x44 ./FREERTOS/tasks.o
                0x000046a8                vTaskPlaceOnEventList
 .text.vTaskPlaceOnUnorderedEventList
                0x000046ec       0xca ./FREERTOS/tasks.o
                0x000046ec                vTaskPlaceOnUnorderedEventList
 .text.xTaskRemoveFromEventList
                0x000047b6      0x288 ./FREERTOS/tasks.o
                0x000047b6                xTaskRemoveFromEventList
 .text.vTaskRemoveFromUnorderedEventList
                0x00004a3e      0x21c ./FREERTOS/tasks.o
                0x00004a3e                vTaskRemoveFromUnorderedEventList
 .text.vTaskSetTimeOutState
                0x00004c5a       0x3c ./FREERTOS/tasks.o
                0x00004c5a                vTaskSetTimeOutState
 .text.vTaskInternalSetTimeOutState
                0x00004c96       0x32 ./FREERTOS/tasks.o
                0x00004c96                vTaskInternalSetTimeOutState
 .text.xTaskCheckForTimeOut
                0x00004cc8       0xce ./FREERTOS/tasks.o
                0x00004cc8                xTaskCheckForTimeOut
 .text.vTaskMissedYield
                0x00004d96       0x14 ./FREERTOS/tasks.o
                0x00004d96                vTaskMissedYield
 .text.prvIdleTask
                0x00004daa       0x24 ./FREERTOS/tasks.o
 .text.prvInitialiseTaskLists
                0x00004dce       0x7a ./FREERTOS/tasks.o
 .text.prvCheckTasksWaitingTermination
                0x00004e48       0x5e ./FREERTOS/tasks.o
 .text.prvDeleteTCB
                0x00004ea6       0x2c ./FREERTOS/tasks.o
 .text.prvResetNextTaskUnblockTime
                0x00004ed2       0x44 ./FREERTOS/tasks.o
 .text.uxTaskResetEventItemValue
                0x00004f16       0x4e ./FREERTOS/tasks.o
                0x00004f16                uxTaskResetEventItemValue
 .text.ulTaskGenericNotifyTake
                0x00004f64      0x16c ./FREERTOS/tasks.o
                0x00004f64                ulTaskGenericNotifyTake
 .text.xTaskGenericNotifyWait
                0x000050d0      0x1ee ./FREERTOS/tasks.o
                0x000050d0                xTaskGenericNotifyWait
 .text.xTaskGenericNotify
                0x000052be      0x37c ./FREERTOS/tasks.o
                0x000052be                xTaskGenericNotify
 .text.xTaskGenericNotifyFromISR
                0x0000563a      0x3fe ./FREERTOS/tasks.o
                0x0000563a                xTaskGenericNotifyFromISR
 .text.vTaskGenericNotifyGiveFromISR
                0x00005a38      0x2a0 ./FREERTOS/tasks.o
                0x00005a38                vTaskGenericNotifyGiveFromISR
 .text.xTaskGenericNotifyStateClear
                0x00005cd8       0x92 ./FREERTOS/tasks.o
                0x00005cd8                xTaskGenericNotifyStateClear
 .text.ulTaskGenericNotifyValueClear
                0x00005d6a      0x104 ./FREERTOS/tasks.o
                0x00005d6a                ulTaskGenericNotifyValueClear
 .text.prvAddCurrentTaskToDelayedList
                0x00005e6e       0xcc ./FREERTOS/tasks.o
 .text.DIO_voidSetPinDirection
                0x00005f3a      0x1f8 ./DIO/DIO_program.o
                0x00005f3a                DIO_voidSetPinDirection
 .text.DIO_voidSetPortDirection
                0x00006132       0x82 ./DIO/DIO_program.o
                0x00006132                DIO_voidSetPortDirection
 .text.DIO_voidSetPinValue
                0x000061b4      0x1f8 ./DIO/DIO_program.o
                0x000061b4                DIO_voidSetPinValue
 .text.DIO_voidSetPortValue
                0x000063ac       0x82 ./DIO/DIO_program.o
                0x000063ac                DIO_voidSetPortValue
 .text.DIO_voidTogglePin
                0x0000642e       0xfa ./DIO/DIO_program.o
                0x0000642e                DIO_voidTogglePin
 .text.DIO_u8GetPinValue
                0x00006528       0xf4 ./DIO/DIO_program.o
                0x00006528                DIO_u8GetPinValue
 .text.DIO_u8GitPortValue
                0x0000661c       0x84 ./DIO/DIO_program.o
                0x0000661c                DIO_u8GitPortValue
 .text.main     0x000066a0       0x6a ./main.o
                0x000066a0                main
 .text.LED1     0x0000670a       0x24 ./main.o
                0x0000670a                LED1
 .text.LED2     0x0000672e       0x24 ./main.o
                0x0000672e                LED2
 .text.libgcc   0x00006752       0x28 d:/programes/eclipse/eclipse_avr/winavr/bin/../lib/gcc/avr/4.3.3/avr5\libgcc.a(_udivmodhi4.o)
                0x00006752                __udivmodhi4
 .text.libgcc   0x0000677a       0x36 d:/programes/eclipse/eclipse_avr/winavr/bin/../lib/gcc/avr/4.3.3/avr5\libgcc.a(_divmodsi4.o)
                0x0000677a                __divmodsi4
 .text.libgcc   0x000067b0        0x0 d:/programes/eclipse/eclipse_avr/winavr/bin/../lib/gcc/avr/4.3.3/avr5\libgcc.a(_exit.o)
 .text.libgcc   0x000067b0        0x0 d:/programes/eclipse/eclipse_avr/winavr/bin/../lib/gcc/avr/4.3.3/avr5\libgcc.a(_copy_data.o)
 .text.libgcc   0x000067b0        0x0 d:/programes/eclipse/eclipse_avr/winavr/bin/../lib/gcc/avr/4.3.3/avr5\libgcc.a(_clear_bss.o)
 .text.libgcc   0x000067b0       0x44 d:/programes/eclipse/eclipse_avr/winavr/bin/../lib/gcc/avr/4.3.3/avr5\libgcc.a(_udivmodsi4.o)
                0x000067b0                __udivmodsi4
 .text.libgcc   0x000067f4       0x38 d:/programes/eclipse/eclipse_avr/winavr/bin/../lib/gcc/avr/4.3.3/avr5\libgcc.a(_prologue.o)
                0x000067f4                __prologue_saves__
 .text.libgcc   0x0000682c       0x36 d:/programes/eclipse/eclipse_avr/winavr/bin/../lib/gcc/avr/4.3.3/avr5\libgcc.a(_epilogue.o)
                0x0000682c                __epilogue_restores__
 .text.avr-libc
                0x00006862       0x12 d:/programes/eclipse/eclipse_avr/winavr/bin/../lib/gcc/avr/4.3.3/../../../../avr/lib/avr5\libc.a(memcpy.o)
                0x00006862                memcpy
 .text.avr-libc
                0x00006874        0xe d:/programes/eclipse/eclipse_avr/winavr/bin/../lib/gcc/avr/4.3.3/../../../../avr/lib/avr5\libc.a(memset.o)
                0x00006874                memset
                0x00006882                . = ALIGN (0x2)
 *(.fini9)
 .fini9         0x00006882        0x0 d:/programes/eclipse/eclipse_avr/winavr/bin/../lib/gcc/avr/4.3.3/avr5\libgcc.a(_exit.o)
                0x00006882                exit
                0x00006882                _exit
 *(.fini9)
 *(.fini8)
 *(.fini8)
 *(.fini7)
 *(.fini7)
 *(.fini6)
 *(.fini6)
 *(.fini5)
 *(.fini5)
 *(.fini4)
 *(.fini4)
 *(.fini3)
 *(.fini3)
 *(.fini2)
 *(.fini2)
 *(.fini1)
 *(.fini1)
 *(.fini0)
 .fini0         0x00006882        0x4 d:/programes/eclipse/eclipse_avr/winavr/bin/../lib/gcc/avr/4.3.3/avr5\libgcc.a(_exit.o)
 *(.fini0)
                0x00006886                _etext = .

.data           0x00800060       0x1c load address 0x00006886
                0x00800060                PROVIDE (__data_start, .)
 *(.data)
 .data          0x00800060        0x0 d:/programes/eclipse/eclipse_avr/winavr/bin/../lib/gcc/avr/4.3.3/../../../../avr/lib/avr5/crtm32.o
 .data          0x00800060        0x0 ./LCD/LCD_program.o
 .data          0x00800060        0x0 ./FREERTOS/croutine.o
 .data          0x00800060        0x0 ./FREERTOS/list.o
 .data          0x00800060        0x0 ./FREERTOS/port.o
 .data          0x00800060        0x0 ./FREERTOS/queue.o
 .data          0x00800060        0x5 ./FREERTOS/tasks.o
 .data          0x00800065        0x0 ./FREERTOS/timers.o
 .data          0x00800065        0x0 ./DIO/DIO_program.o
 .data          0x00800065        0xe ./main.o
 .data          0x00800073        0x0 d:/programes/eclipse/eclipse_avr/winavr/bin/../lib/gcc/avr/4.3.3/avr5\libgcc.a(_udivmodhi4.o)
 .data          0x00800073        0x0 d:/programes/eclipse/eclipse_avr/winavr/bin/../lib/gcc/avr/4.3.3/avr5\libgcc.a(_divmodsi4.o)
 .data          0x00800073        0x0 d:/programes/eclipse/eclipse_avr/winavr/bin/../lib/gcc/avr/4.3.3/avr5\libgcc.a(_exit.o)
 .data          0x00800073        0x0 d:/programes/eclipse/eclipse_avr/winavr/bin/../lib/gcc/avr/4.3.3/avr5\libgcc.a(_copy_data.o)
 .data          0x00800073        0x0 d:/programes/eclipse/eclipse_avr/winavr/bin/../lib/gcc/avr/4.3.3/avr5\libgcc.a(_clear_bss.o)
 .data          0x00800073        0x0 d:/programes/eclipse/eclipse_avr/winavr/bin/../lib/gcc/avr/4.3.3/avr5\libgcc.a(_fixunssfsi.o)
 .data          0x00800073        0x0 d:/programes/eclipse/eclipse_avr/winavr/bin/../lib/gcc/avr/4.3.3/avr5\libgcc.a(_addsub_sf.o)
 .data          0x00800073        0x0 d:/programes/eclipse/eclipse_avr/winavr/bin/../lib/gcc/avr/4.3.3/avr5\libgcc.a(_mul_sf.o)
 .data          0x00800073        0x0 d:/programes/eclipse/eclipse_avr/winavr/bin/../lib/gcc/avr/4.3.3/avr5\libgcc.a(_gt_sf.o)
 .data          0x00800073        0x0 d:/programes/eclipse/eclipse_avr/winavr/bin/../lib/gcc/avr/4.3.3/avr5\libgcc.a(_ge_sf.o)
 .data          0x00800073        0x0 d:/programes/eclipse/eclipse_avr/winavr/bin/../lib/gcc/avr/4.3.3/avr5\libgcc.a(_lt_sf.o)
 .data          0x00800073        0x0 d:/programes/eclipse/eclipse_avr/winavr/bin/../lib/gcc/avr/4.3.3/avr5\libgcc.a(_sf_to_si.o)
 .data          0x00800073        0x8 d:/programes/eclipse/eclipse_avr/winavr/bin/../lib/gcc/avr/4.3.3/avr5\libgcc.a(_thenan_sf.o)
                0x00800073                __thenan_sf
 .data          0x0080007b        0x0 d:/programes/eclipse/eclipse_avr/winavr/bin/../lib/gcc/avr/4.3.3/avr5\libgcc.a(_udivmodsi4.o)
 .data          0x0080007b        0x0 d:/programes/eclipse/eclipse_avr/winavr/bin/../lib/gcc/avr/4.3.3/avr5\libgcc.a(_prologue.o)
 .data          0x0080007b        0x0 d:/programes/eclipse/eclipse_avr/winavr/bin/../lib/gcc/avr/4.3.3/avr5\libgcc.a(_epilogue.o)
 .data          0x0080007b        0x0 d:/programes/eclipse/eclipse_avr/winavr/bin/../lib/gcc/avr/4.3.3/avr5\libgcc.a(_pack_sf.o)
 .data          0x0080007b        0x0 d:/programes/eclipse/eclipse_avr/winavr/bin/../lib/gcc/avr/4.3.3/avr5\libgcc.a(_unpack_sf.o)
 .data          0x0080007b        0x0 d:/programes/eclipse/eclipse_avr/winavr/bin/../lib/gcc/avr/4.3.3/avr5\libgcc.a(_fpcmp_parts_sf.o)
 .data          0x0080007b        0x0 d:/programes/eclipse/eclipse_avr/winavr/bin/../lib/gcc/avr/4.3.3/../../../../avr/lib/avr5\libc.a(memcpy.o)
 .data          0x0080007b        0x0 d:/programes/eclipse/eclipse_avr/winavr/bin/../lib/gcc/avr/4.3.3/../../../../avr/lib/avr5\libc.a(memset.o)
 *(.data*)
 .data.uxTopUsedPriority
                0x0080007b        0x1 ./FREERTOS/tasks.o
                0x0080007b                uxTopUsedPriority
 *(.rodata)
 *(.rodata*)
 *(.gnu.linkonce.d*)
                0x0080007c                . = ALIGN (0x2)
                0x0080007c                _edata = .
                0x0080007c                PROVIDE (__data_end, .)

.bss            0x0080007c       0x98
                0x0080007c                PROVIDE (__bss_start, .)
 *(.bss)
 .bss           0x0080007c        0x0 d:/programes/eclipse/eclipse_avr/winavr/bin/../lib/gcc/avr/4.3.3/../../../../avr/lib/avr5/crtm32.o
 .bss           0x0080007c        0x0 ./LCD/LCD_program.o
 .bss           0x0080007c        0x0 ./FREERTOS/croutine.o
 .bss           0x0080007c        0x0 ./FREERTOS/list.o
 .bss           0x0080007c        0x0 ./FREERTOS/port.o
 .bss           0x0080007c        0x0 ./FREERTOS/queue.o
 .bss           0x0080007c        0x0 ./FREERTOS/tasks.o
 .bss           0x0080007c        0x0 ./FREERTOS/timers.o
 .bss           0x0080007c        0x0 ./DIO/DIO_program.o
 .bss           0x0080007c        0x0 ./main.o
 .bss           0x0080007c        0x0 d:/programes/eclipse/eclipse_avr/winavr/bin/../lib/gcc/avr/4.3.3/avr5\libgcc.a(_udivmodhi4.o)
 .bss           0x0080007c        0x0 d:/programes/eclipse/eclipse_avr/winavr/bin/../lib/gcc/avr/4.3.3/avr5\libgcc.a(_divmodsi4.o)
 .bss           0x0080007c        0x0 d:/programes/eclipse/eclipse_avr/winavr/bin/../lib/gcc/avr/4.3.3/avr5\libgcc.a(_exit.o)
 .bss           0x0080007c        0x0 d:/programes/eclipse/eclipse_avr/winavr/bin/../lib/gcc/avr/4.3.3/avr5\libgcc.a(_copy_data.o)
 .bss           0x0080007c        0x0 d:/programes/eclipse/eclipse_avr/winavr/bin/../lib/gcc/avr/4.3.3/avr5\libgcc.a(_clear_bss.o)
 .bss           0x0080007c        0x0 d:/programes/eclipse/eclipse_avr/winavr/bin/../lib/gcc/avr/4.3.3/avr5\libgcc.a(_fixunssfsi.o)
 .bss           0x0080007c        0x0 d:/programes/eclipse/eclipse_avr/winavr/bin/../lib/gcc/avr/4.3.3/avr5\libgcc.a(_addsub_sf.o)
 .bss           0x0080007c        0x0 d:/programes/eclipse/eclipse_avr/winavr/bin/../lib/gcc/avr/4.3.3/avr5\libgcc.a(_mul_sf.o)
 .bss           0x0080007c        0x0 d:/programes/eclipse/eclipse_avr/winavr/bin/../lib/gcc/avr/4.3.3/avr5\libgcc.a(_gt_sf.o)
 .bss           0x0080007c        0x0 d:/programes/eclipse/eclipse_avr/winavr/bin/../lib/gcc/avr/4.3.3/avr5\libgcc.a(_ge_sf.o)
 .bss           0x0080007c        0x0 d:/programes/eclipse/eclipse_avr/winavr/bin/../lib/gcc/avr/4.3.3/avr5\libgcc.a(_lt_sf.o)
 .bss           0x0080007c        0x0 d:/programes/eclipse/eclipse_avr/winavr/bin/../lib/gcc/avr/4.3.3/avr5\libgcc.a(_sf_to_si.o)
 .bss           0x0080007c        0x0 d:/programes/eclipse/eclipse_avr/winavr/bin/../lib/gcc/avr/4.3.3/avr5\libgcc.a(_thenan_sf.o)
 .bss           0x0080007c        0x0 d:/programes/eclipse/eclipse_avr/winavr/bin/../lib/gcc/avr/4.3.3/avr5\libgcc.a(_udivmodsi4.o)
 .bss           0x0080007c        0x0 d:/programes/eclipse/eclipse_avr/winavr/bin/../lib/gcc/avr/4.3.3/avr5\libgcc.a(_prologue.o)
 .bss           0x0080007c        0x0 d:/programes/eclipse/eclipse_avr/winavr/bin/../lib/gcc/avr/4.3.3/avr5\libgcc.a(_epilogue.o)
 .bss           0x0080007c        0x0 d:/programes/eclipse/eclipse_avr/winavr/bin/../lib/gcc/avr/4.3.3/avr5\libgcc.a(_pack_sf.o)
 .bss           0x0080007c        0x0 d:/programes/eclipse/eclipse_avr/winavr/bin/../lib/gcc/avr/4.3.3/avr5\libgcc.a(_unpack_sf.o)
 .bss           0x0080007c        0x0 d:/programes/eclipse/eclipse_avr/winavr/bin/../lib/gcc/avr/4.3.3/avr5\libgcc.a(_fpcmp_parts_sf.o)
 .bss           0x0080007c        0x0 d:/programes/eclipse/eclipse_avr/winavr/bin/../lib/gcc/avr/4.3.3/../../../../avr/lib/avr5\libc.a(memcpy.o)
 .bss           0x0080007c        0x0 d:/programes/eclipse/eclipse_avr/winavr/bin/../lib/gcc/avr/4.3.3/../../../../avr/lib/avr5\libc.a(memset.o)
 *(.bss*)
 .bss.pxDelayedCoRoutineList
                0x0080007c        0x2 ./FREERTOS/croutine.o
 .bss.pxOverflowDelayedCoRoutineList
                0x0080007e        0x2 ./FREERTOS/croutine.o
 .bss.pxCurrentCoRoutine
                0x00800080        0x2 ./FREERTOS/croutine.o
                0x00800080                pxCurrentCoRoutine
 .bss.uxTopCoRoutineReadyPriority
                0x00800082        0x1 ./FREERTOS/croutine.o
 .bss.xCoRoutineTickCount
                0x00800083        0x2 ./FREERTOS/croutine.o
 .bss.xLastTickCount
                0x00800085        0x2 ./FREERTOS/croutine.o
 .bss.xPassedTicks
                0x00800087        0x2 ./FREERTOS/croutine.o
 .bss.pxReadyCoRoutineLists
                0x00800089       0x12 ./FREERTOS/croutine.o
 .bss.xDelayedCoRoutineList1
                0x0080009b        0x9 ./FREERTOS/croutine.o
 .bss.xDelayedCoRoutineList2
                0x008000a4        0x9 ./FREERTOS/croutine.o
 .bss.xPendingReadyCoRoutineList
                0x008000ad        0x9 ./FREERTOS/croutine.o
 .bss.pxCurrentTCB
                0x008000b6        0x2 ./FREERTOS/tasks.o
                0x008000b6                pxCurrentTCB
 .bss.uxDeletedTasksWaitingCleanUp
                0x008000b8        0x1 ./FREERTOS/tasks.o
 .bss.uxCurrentNumberOfTasks
                0x008000b9        0x1 ./FREERTOS/tasks.o
 .bss.xTickCount
                0x008000ba        0x2 ./FREERTOS/tasks.o
 .bss.uxTopReadyPriority
                0x008000bc        0x1 ./FREERTOS/tasks.o
 .bss.xSchedulerRunning
                0x008000bd        0x1 ./FREERTOS/tasks.o
 .bss.xPendedTicks
                0x008000be        0x2 ./FREERTOS/tasks.o
 .bss.xYieldPending
                0x008000c0        0x1 ./FREERTOS/tasks.o
 .bss.xNumOfOverflows
                0x008000c1        0x1 ./FREERTOS/tasks.o
 .bss.uxTaskNumber
                0x008000c2        0x1 ./FREERTOS/tasks.o
 .bss.xNextTaskUnblockTime
                0x008000c3        0x2 ./FREERTOS/tasks.o
 .bss.xIdleTaskHandle
                0x008000c5        0x2 ./FREERTOS/tasks.o
 .bss.uxSchedulerSuspended
                0x008000c7        0x1 ./FREERTOS/tasks.o
 .bss.pxReadyTasksLists
                0x008000c8       0x24 ./FREERTOS/tasks.o
 .bss.xDelayedTaskList1
                0x008000ec        0x9 ./FREERTOS/tasks.o
 .bss.xDelayedTaskList2
                0x008000f5        0x9 ./FREERTOS/tasks.o
 .bss.pxDelayedTaskList
                0x008000fe        0x2 ./FREERTOS/tasks.o
 .bss.pxOverflowDelayedTaskList
                0x00800100        0x2 ./FREERTOS/tasks.o
 .bss.xPendingReadyList
                0x00800102        0x9 ./FREERTOS/tasks.o
 .bss.xTasksWaitingTermination
                0x0080010b        0x9 ./FREERTOS/tasks.o
 *(COMMON)
                0x00800114                PROVIDE (__bss_end, .)
                0x00006886                __data_load_start = LOADADDR (.data)
                0x000068a2                __data_load_end = (__data_load_start + SIZEOF (.data))

.noinit         0x00800114        0x0
                0x00800114                PROVIDE (__noinit_start, .)
 *(.noinit*)
                0x00800114                PROVIDE (__noinit_end, .)
                0x00800114                _end = .
                0x00800114                PROVIDE (__heap_start, .)

.eeprom         0x00810000        0x0
 *(.eeprom*)
                0x00810000                __eeprom_end = .

.fuse
 *(.fuse)
 *(.lfuse)
 *(.hfuse)
 *(.efuse)

.lock
 *(.lock*)

.signature
 *(.signature*)

.stab           0x00000000     0x7638
 *(.stab)
 .stab          0x00000000      0xed0 ./LCD/LCD_program.o
 .stab          0x00000ed0      0xad4 ./FREERTOS/croutine.o
                                0xc3c (size before relaxing)
 .stab          0x000019a4      0x5c4 ./FREERTOS/list.o
                                0x7d4 (size before relaxing)
 .stab          0x00001f68      0x870 ./FREERTOS/port.o
                                0xcfc (size before relaxing)
 .stab          0x000027d8     0x1f8c ./FREERTOS/queue.o
                               0x2430 (size before relaxing)
 .stab          0x00004764     0x24f0 ./FREERTOS/tasks.o
                               0x2958 (size before relaxing)
 .stab          0x00006c54      0x168 ./FREERTOS/timers.o
                                0x630 (size before relaxing)
 .stab          0x00006dbc      0x5d0 ./DIO/DIO_program.o
                                0x5dc (size before relaxing)
 .stab          0x0000738c      0x2ac ./main.o
                                0x6d8 (size before relaxing)

.stabstr        0x00000000     0x429a
 *(.stabstr)
 .stabstr       0x00000000     0x429a ./LCD/LCD_program.o

.stab.excl
 *(.stab.excl)

.stab.exclstr
 *(.stab.exclstr)

.stab.index
 *(.stab.index)

.stab.indexstr
 *(.stab.indexstr)

.comment
 *(.comment)

.debug
 *(.debug)

.line
 *(.line)

.debug_srcinfo
 *(.debug_srcinfo)

.debug_sfnames
 *(.debug_sfnames)

.debug_aranges  0x00000000      0x140
 *(.debug_aranges)
 .debug_aranges
                0x00000000       0x20 d:/programes/eclipse/eclipse_avr/winavr/bin/../lib/gcc/avr/4.3.3/avr5\libgcc.a(_fixunssfsi.o)
 .debug_aranges
                0x00000020       0x20 d:/programes/eclipse/eclipse_avr/winavr/bin/../lib/gcc/avr/4.3.3/avr5\libgcc.a(_addsub_sf.o)
 .debug_aranges
                0x00000040       0x20 d:/programes/eclipse/eclipse_avr/winavr/bin/../lib/gcc/avr/4.3.3/avr5\libgcc.a(_mul_sf.o)
 .debug_aranges
                0x00000060       0x20 d:/programes/eclipse/eclipse_avr/winavr/bin/../lib/gcc/avr/4.3.3/avr5\libgcc.a(_gt_sf.o)
 .debug_aranges
                0x00000080       0x20 d:/programes/eclipse/eclipse_avr/winavr/bin/../lib/gcc/avr/4.3.3/avr5\libgcc.a(_ge_sf.o)
 .debug_aranges
                0x000000a0       0x20 d:/programes/eclipse/eclipse_avr/winavr/bin/../lib/gcc/avr/4.3.3/avr5\libgcc.a(_lt_sf.o)
 .debug_aranges
                0x000000c0       0x20 d:/programes/eclipse/eclipse_avr/winavr/bin/../lib/gcc/avr/4.3.3/avr5\libgcc.a(_sf_to_si.o)
 .debug_aranges
                0x000000e0       0x20 d:/programes/eclipse/eclipse_avr/winavr/bin/../lib/gcc/avr/4.3.3/avr5\libgcc.a(_pack_sf.o)
 .debug_aranges
                0x00000100       0x20 d:/programes/eclipse/eclipse_avr/winavr/bin/../lib/gcc/avr/4.3.3/avr5\libgcc.a(_unpack_sf.o)
 .debug_aranges
                0x00000120       0x20 d:/programes/eclipse/eclipse_avr/winavr/bin/../lib/gcc/avr/4.3.3/avr5\libgcc.a(_fpcmp_parts_sf.o)

.debug_pubnames
                0x00000000      0x170
 *(.debug_pubnames)
 .debug_pubnames
                0x00000000       0x23 d:/programes/eclipse/eclipse_avr/winavr/bin/../lib/gcc/avr/4.3.3/avr5\libgcc.a(_fixunssfsi.o)
 .debug_pubnames
                0x00000023       0x2c d:/programes/eclipse/eclipse_avr/winavr/bin/../lib/gcc/avr/4.3.3/avr5\libgcc.a(_addsub_sf.o)
 .debug_pubnames
                0x0000004f       0x1f d:/programes/eclipse/eclipse_avr/winavr/bin/../lib/gcc/avr/4.3.3/avr5\libgcc.a(_mul_sf.o)
 .debug_pubnames
                0x0000006e       0x1e d:/programes/eclipse/eclipse_avr/winavr/bin/../lib/gcc/avr/4.3.3/avr5\libgcc.a(_gt_sf.o)
 .debug_pubnames
                0x0000008c       0x1e d:/programes/eclipse/eclipse_avr/winavr/bin/../lib/gcc/avr/4.3.3/avr5\libgcc.a(_ge_sf.o)
 .debug_pubnames
                0x000000aa       0x1e d:/programes/eclipse/eclipse_avr/winavr/bin/../lib/gcc/avr/4.3.3/avr5\libgcc.a(_lt_sf.o)
 .debug_pubnames
                0x000000c8       0x20 d:/programes/eclipse/eclipse_avr/winavr/bin/../lib/gcc/avr/4.3.3/avr5\libgcc.a(_sf_to_si.o)
 .debug_pubnames
                0x000000e8       0x22 d:/programes/eclipse/eclipse_avr/winavr/bin/../lib/gcc/avr/4.3.3/avr5\libgcc.a(_thenan_sf.o)
 .debug_pubnames
                0x0000010a       0x1f d:/programes/eclipse/eclipse_avr/winavr/bin/../lib/gcc/avr/4.3.3/avr5\libgcc.a(_pack_sf.o)
 .debug_pubnames
                0x00000129       0x21 d:/programes/eclipse/eclipse_avr/winavr/bin/../lib/gcc/avr/4.3.3/avr5\libgcc.a(_unpack_sf.o)
 .debug_pubnames
                0x0000014a       0x26 d:/programes/eclipse/eclipse_avr/winavr/bin/../lib/gcc/avr/4.3.3/avr5\libgcc.a(_fpcmp_parts_sf.o)

.debug_info     0x00000000     0x1c49
 *(.debug_info)
 .debug_info    0x00000000       0xb1 d:/programes/eclipse/eclipse_avr/winavr/bin/../lib/gcc/avr/4.3.3/avr5\libgcc.a(_fixunssfsi.o)
 .debug_info    0x000000b1      0x47a d:/programes/eclipse/eclipse_avr/winavr/bin/../lib/gcc/avr/4.3.3/avr5\libgcc.a(_addsub_sf.o)
 .debug_info    0x0000052b      0x485 d:/programes/eclipse/eclipse_avr/winavr/bin/../lib/gcc/avr/4.3.3/avr5\libgcc.a(_mul_sf.o)
 .debug_info    0x000009b0      0x27f d:/programes/eclipse/eclipse_avr/winavr/bin/../lib/gcc/avr/4.3.3/avr5\libgcc.a(_gt_sf.o)
 .debug_info    0x00000c2f      0x27f d:/programes/eclipse/eclipse_avr/winavr/bin/../lib/gcc/avr/4.3.3/avr5\libgcc.a(_ge_sf.o)
 .debug_info    0x00000eae      0x27f d:/programes/eclipse/eclipse_avr/winavr/bin/../lib/gcc/avr/4.3.3/avr5\libgcc.a(_lt_sf.o)
 .debug_info    0x0000112d      0x2b0 d:/programes/eclipse/eclipse_avr/winavr/bin/../lib/gcc/avr/4.3.3/avr5\libgcc.a(_sf_to_si.o)
 .debug_info    0x000013dd      0x12c d:/programes/eclipse/eclipse_avr/winavr/bin/../lib/gcc/avr/4.3.3/avr5\libgcc.a(_thenan_sf.o)
 .debug_info    0x00001509      0x2df d:/programes/eclipse/eclipse_avr/winavr/bin/../lib/gcc/avr/4.3.3/avr5\libgcc.a(_pack_sf.o)
 .debug_info    0x000017e8      0x251 d:/programes/eclipse/eclipse_avr/winavr/bin/../lib/gcc/avr/4.3.3/avr5\libgcc.a(_unpack_sf.o)
 .debug_info    0x00001a39      0x210 d:/programes/eclipse/eclipse_avr/winavr/bin/../lib/gcc/avr/4.3.3/avr5\libgcc.a(_fpcmp_parts_sf.o)
 *(.gnu.linkonce.wi.*)

.debug_abbrev   0x00000000      0xeeb
 *(.debug_abbrev)
 .debug_abbrev  0x00000000       0x5d d:/programes/eclipse/eclipse_avr/winavr/bin/../lib/gcc/avr/4.3.3/avr5\libgcc.a(_fixunssfsi.o)
 .debug_abbrev  0x0000005d      0x1ea d:/programes/eclipse/eclipse_avr/winavr/bin/../lib/gcc/avr/4.3.3/avr5\libgcc.a(_addsub_sf.o)
 .debug_abbrev  0x00000247      0x21b d:/programes/eclipse/eclipse_avr/winavr/bin/../lib/gcc/avr/4.3.3/avr5\libgcc.a(_mul_sf.o)
 .debug_abbrev  0x00000462      0x15a d:/programes/eclipse/eclipse_avr/winavr/bin/../lib/gcc/avr/4.3.3/avr5\libgcc.a(_gt_sf.o)
 .debug_abbrev  0x000005bc      0x15a d:/programes/eclipse/eclipse_avr/winavr/bin/../lib/gcc/avr/4.3.3/avr5\libgcc.a(_ge_sf.o)
 .debug_abbrev  0x00000716      0x15a d:/programes/eclipse/eclipse_avr/winavr/bin/../lib/gcc/avr/4.3.3/avr5\libgcc.a(_lt_sf.o)
 .debug_abbrev  0x00000870      0x17f d:/programes/eclipse/eclipse_avr/winavr/bin/../lib/gcc/avr/4.3.3/avr5\libgcc.a(_sf_to_si.o)
 .debug_abbrev  0x000009ef       0xad d:/programes/eclipse/eclipse_avr/winavr/bin/../lib/gcc/avr/4.3.3/avr5\libgcc.a(_thenan_sf.o)
 .debug_abbrev  0x00000a9c      0x1c0 d:/programes/eclipse/eclipse_avr/winavr/bin/../lib/gcc/avr/4.3.3/avr5\libgcc.a(_pack_sf.o)
 .debug_abbrev  0x00000c5c      0x154 d:/programes/eclipse/eclipse_avr/winavr/bin/../lib/gcc/avr/4.3.3/avr5\libgcc.a(_unpack_sf.o)
 .debug_abbrev  0x00000db0      0x13b d:/programes/eclipse/eclipse_avr/winavr/bin/../lib/gcc/avr/4.3.3/avr5\libgcc.a(_fpcmp_parts_sf.o)

.debug_line     0x00000000      0xdad
 *(.debug_line)
 .debug_line    0x00000000       0xa7 d:/programes/eclipse/eclipse_avr/winavr/bin/../lib/gcc/avr/4.3.3/avr5\libgcc.a(_fixunssfsi.o)
 .debug_line    0x000000a7      0x2af d:/programes/eclipse/eclipse_avr/winavr/bin/../lib/gcc/avr/4.3.3/avr5\libgcc.a(_addsub_sf.o)
 .debug_line    0x00000356      0x239 d:/programes/eclipse/eclipse_avr/winavr/bin/../lib/gcc/avr/4.3.3/avr5\libgcc.a(_mul_sf.o)
 .debug_line    0x0000058f       0xd3 d:/programes/eclipse/eclipse_avr/winavr/bin/../lib/gcc/avr/4.3.3/avr5\libgcc.a(_gt_sf.o)
 .debug_line    0x00000662       0xd3 d:/programes/eclipse/eclipse_avr/winavr/bin/../lib/gcc/avr/4.3.3/avr5\libgcc.a(_ge_sf.o)
 .debug_line    0x00000735       0xd3 d:/programes/eclipse/eclipse_avr/winavr/bin/../lib/gcc/avr/4.3.3/avr5\libgcc.a(_lt_sf.o)
 .debug_line    0x00000808      0x109 d:/programes/eclipse/eclipse_avr/winavr/bin/../lib/gcc/avr/4.3.3/avr5\libgcc.a(_sf_to_si.o)
 .debug_line    0x00000911       0x90 d:/programes/eclipse/eclipse_avr/winavr/bin/../lib/gcc/avr/4.3.3/avr5\libgcc.a(_thenan_sf.o)
 .debug_line    0x000009a1      0x18a d:/programes/eclipse/eclipse_avr/winavr/bin/../lib/gcc/avr/4.3.3/avr5\libgcc.a(_pack_sf.o)
 .debug_line    0x00000b2b      0x14b d:/programes/eclipse/eclipse_avr/winavr/bin/../lib/gcc/avr/4.3.3/avr5\libgcc.a(_unpack_sf.o)
 .debug_line    0x00000c76      0x137 d:/programes/eclipse/eclipse_avr/winavr/bin/../lib/gcc/avr/4.3.3/avr5\libgcc.a(_fpcmp_parts_sf.o)

.debug_frame    0x00000000      0x160
 *(.debug_frame)
 .debug_frame   0x00000000       0x20 d:/programes/eclipse/eclipse_avr/winavr/bin/../lib/gcc/avr/4.3.3/avr5\libgcc.a(_fixunssfsi.o)
 .debug_frame   0x00000020       0x40 d:/programes/eclipse/eclipse_avr/winavr/bin/../lib/gcc/avr/4.3.3/avr5\libgcc.a(_addsub_sf.o)
 .debug_frame   0x00000060       0x20 d:/programes/eclipse/eclipse_avr/winavr/bin/../lib/gcc/avr/4.3.3/avr5\libgcc.a(_mul_sf.o)
 .debug_frame   0x00000080       0x20 d:/programes/eclipse/eclipse_avr/winavr/bin/../lib/gcc/avr/4.3.3/avr5\libgcc.a(_gt_sf.o)
 .debug_frame   0x000000a0       0x20 d:/programes/eclipse/eclipse_avr/winavr/bin/../lib/gcc/avr/4.3.3/avr5\libgcc.a(_ge_sf.o)
 .debug_frame   0x000000c0       0x20 d:/programes/eclipse/eclipse_avr/winavr/bin/../lib/gcc/avr/4.3.3/avr5\libgcc.a(_lt_sf.o)
 .debug_frame   0x000000e0       0x20 d:/programes/eclipse/eclipse_avr/winavr/bin/../lib/gcc/avr/4.3.3/avr5\libgcc.a(_sf_to_si.o)
 .debug_frame   0x00000100       0x20 d:/programes/eclipse/eclipse_avr/winavr/bin/../lib/gcc/avr/4.3.3/avr5\libgcc.a(_pack_sf.o)
 .debug_frame   0x00000120       0x20 d:/programes/eclipse/eclipse_avr/winavr/bin/../lib/gcc/avr/4.3.3/avr5\libgcc.a(_unpack_sf.o)
 .debug_frame   0x00000140       0x20 d:/programes/eclipse/eclipse_avr/winavr/bin/../lib/gcc/avr/4.3.3/avr5\libgcc.a(_fpcmp_parts_sf.o)

.debug_str      0x00000000      0x28d
 *(.debug_str)
 .debug_str     0x00000000       0xbf d:/programes/eclipse/eclipse_avr/winavr/bin/../lib/gcc/avr/4.3.3/avr5\libgcc.a(_fixunssfsi.o)
                                 0xfe (size before relaxing)
 .debug_str     0x000000bf      0x14d d:/programes/eclipse/eclipse_avr/winavr/bin/../lib/gcc/avr/4.3.3/avr5\libgcc.a(_addsub_sf.o)
                                0x206 (size before relaxing)
 .debug_str     0x0000020c       0x27 d:/programes/eclipse/eclipse_avr/winavr/bin/../lib/gcc/avr/4.3.3/avr5\libgcc.a(_mul_sf.o)
                                0x1bf (size before relaxing)
 .debug_str     0x00000233        0xf d:/programes/eclipse/eclipse_avr/winavr/bin/../lib/gcc/avr/4.3.3/avr5\libgcc.a(_gt_sf.o)
                                0x195 (size before relaxing)
 .debug_str     0x00000242        0x8 d:/programes/eclipse/eclipse_avr/winavr/bin/../lib/gcc/avr/4.3.3/avr5\libgcc.a(_ge_sf.o)
                                0x195 (size before relaxing)
 .debug_str     0x0000024a        0x8 d:/programes/eclipse/eclipse_avr/winavr/bin/../lib/gcc/avr/4.3.3/avr5\libgcc.a(_lt_sf.o)
                                0x195 (size before relaxing)
 .debug_str     0x00000252        0xa d:/programes/eclipse/eclipse_avr/winavr/bin/../lib/gcc/avr/4.3.3/avr5\libgcc.a(_sf_to_si.o)
                                0x19e (size before relaxing)
 .debug_str     0x00000000      0x103 d:/programes/eclipse/eclipse_avr/winavr/bin/../lib/gcc/avr/4.3.3/avr5\libgcc.a(_thenan_sf.o)
 .debug_str     0x0000025c       0x16 d:/programes/eclipse/eclipse_avr/winavr/bin/../lib/gcc/avr/4.3.3/avr5\libgcc.a(_pack_sf.o)
                                0x19d (size before relaxing)
 .debug_str     0x00000272        0xb d:/programes/eclipse/eclipse_avr/winavr/bin/../lib/gcc/avr/4.3.3/avr5\libgcc.a(_unpack_sf.o)
                                0x17f (size before relaxing)
 .debug_str     0x0000027d       0x10 d:/programes/eclipse/eclipse_avr/winavr/bin/../lib/gcc/avr/4.3.3/avr5\libgcc.a(_fpcmp_parts_sf.o)
                                0x163 (size before relaxing)

.debug_loc      0x00000000      0x7ce
 *(.debug_loc)
 .debug_loc     0x00000000       0x34 d:/programes/eclipse/eclipse_avr/winavr/bin/../lib/gcc/avr/4.3.3/avr5\libgcc.a(_fixunssfsi.o)
 .debug_loc     0x00000034      0x32a d:/programes/eclipse/eclipse_avr/winavr/bin/../lib/gcc/avr/4.3.3/avr5\libgcc.a(_addsub_sf.o)
 .debug_loc     0x0000035e      0x104 d:/programes/eclipse/eclipse_avr/winavr/bin/../lib/gcc/avr/4.3.3/avr5\libgcc.a(_mul_sf.o)
 .debug_loc     0x00000462       0x3c d:/programes/eclipse/eclipse_avr/winavr/bin/../lib/gcc/avr/4.3.3/avr5\libgcc.a(_gt_sf.o)
 .debug_loc     0x0000049e       0x3c d:/programes/eclipse/eclipse_avr/winavr/bin/../lib/gcc/avr/4.3.3/avr5\libgcc.a(_ge_sf.o)
 .debug_loc     0x000004da       0x3c d:/programes/eclipse/eclipse_avr/winavr/bin/../lib/gcc/avr/4.3.3/avr5\libgcc.a(_lt_sf.o)
 .debug_loc     0x00000516       0x7e d:/programes/eclipse/eclipse_avr/winavr/bin/../lib/gcc/avr/4.3.3/avr5\libgcc.a(_sf_to_si.o)
 .debug_loc     0x00000594      0x13e d:/programes/eclipse/eclipse_avr/winavr/bin/../lib/gcc/avr/4.3.3/avr5\libgcc.a(_pack_sf.o)
 .debug_loc     0x000006d2       0xac d:/programes/eclipse/eclipse_avr/winavr/bin/../lib/gcc/avr/4.3.3/avr5\libgcc.a(_unpack_sf.o)
 .debug_loc     0x0000077e       0x50 d:/programes/eclipse/eclipse_avr/winavr/bin/../lib/gcc/avr/4.3.3/avr5\libgcc.a(_fpcmp_parts_sf.o)

.debug_macinfo
 *(.debug_macinfo)
OUTPUT(FREERTOS.elf elf32-avr)
LOAD linker stubs

.debug_ranges   0x00000000       0x50
 .debug_ranges  0x00000000       0x50 d:/programes/eclipse/eclipse_avr/winavr/bin/../lib/gcc/avr/4.3.3/avr5\libgcc.a(_mul_sf.o)
